2026-06-05T00:18:19.275+01:00  INFO 94359 --- [taskmanager] [main] c.e.t.controller.ProjectControllerTest   : Starting ProjectControllerTest using Java 21.0.10 with PID 94359 (started by pedro in /home/pedro/taskmanager)
2026-06-05T00:18:19.283+01:00  INFO 94359 --- [taskmanager] [main] c.e.t.controller.ProjectControllerTest   : No active profile set, falling back to 1 default profile: "default"
2026-06-05T00:18:19.316+01:00 DEBUG 94359 --- [taskmanager] [main] o.s.w.c.s.GenericWebApplicationContext   : Refreshing org.springframework.web.context.support.GenericWebApplicationContext@a7ad6e5
2026-06-05T00:18:21.449+01:00 DEBUG 94359 --- [taskmanager] [main] s.w.s.m.m.a.RequestMappingHandlerMapping : 7 mappings in 'requestMappingHandlerMapping'
2026-06-05T00:18:21.482+01:00 DEBUG 94359 --- [taskmanager] [main] o.s.w.s.handler.SimpleUrlHandlerMapping  : Patterns [/webjars/**, /**] in 'resourceHandlerMapping'
2026-06-05T00:18:21.510+01:00 DEBUG 94359 --- [taskmanager] [main] s.w.s.m.m.a.RequestMappingHandlerAdapter : ControllerAdvice beans: 0 @ModelAttribute, 0 @InitBinder, 2 RequestBodyAdvice, 1 ResponseBodyAdvice
2026-06-05T00:18:21.544+01:00 DEBUG 94359 --- [taskmanager] [main] .m.m.a.ExceptionHandlerExceptionResolver : ControllerAdvice beans: 0 @ExceptionHandler, 1 ResponseBodyAdvice
2026-06-05T00:18:21.585+01:00  INFO 94359 --- [taskmanager] [main] o.s.b.t.m.w.SpringBootMockServletContext : Initializing Spring TestDispatcherServlet ''
2026-06-05T00:18:21.586+01:00  INFO 94359 --- [taskmanager] [main] o.s.t.web.servlet.TestDispatcherServlet  : Initializing Servlet ''
2026-06-05T00:18:21.595+01:00  INFO 94359 --- [taskmanager] [main] o.s.t.web.servlet.TestDispatcherServlet  : Completed initialization in 7 ms
2026-06-05T00:18:21.639+01:00  INFO 94359 --- [taskmanager] [main] c.e.t.controller.ProjectControllerTest   : Started ProjectControllerTest in 2.658 seconds (process running for 3.934)
2026-06-05T00:18:21.743+01:00 DEBUG 94359 --- [taskmanager] [main] s.w.s.m.m.a.RequestMappingHandlerMapping : Mapped to com.exemplo.taskmanager.controller.ProjectController#createProject(CreateProjectRequest, User)
2026-06-05T00:18:21.806+01:00 DEBUG 94359 --- [taskmanager] [main] m.m.a.RequestResponseBodyMethodProcessor : Read "application/json;charset=UTF-8" to [CreateProjectRequest(name=New Project, color=null, parentId=null)]
2026-06-05T00:18:21.824+01:00 DEBUG 94359 --- [taskmanager] [main] o.s.w.s.m.m.a.HttpEntityMethodProcessor  : Using 'application/json', given [*/*] and supported [application/json, application/*+json]
2026-06-05T00:18:21.825+01:00 DEBUG 94359 --- [taskmanager] [main] o.s.w.s.m.m.a.HttpEntityMethodProcessor  : Writing [ProjectResponse(id=1, name=New Project, color=null, parentId=null, subProjects=[], tasks=[])]
2026-06-05T00:18:21.896+01:00 DEBUG 94359 --- [taskmanager] [main] s.w.s.m.m.a.RequestMappingHandlerMapping : Mapped to com.exemplo.taskmanager.controller.ProjectController#deleteProject(Long, User)
2026-06-05T00:18:21.901+01:00 DEBUG 94359 --- [taskmanager] [main] o.s.w.s.m.m.a.HttpEntityMethodProcessor  : Using 'application/json', given [*/*] and supported [application/json, application/*+json]
2026-06-05T00:18:21.901+01:00 DEBUG 94359 --- [taskmanager] [main] o.s.w.s.m.m.a.HttpEntityMethodProcessor  : Nothing to write: null body
2026-06-05T00:18:21.919+01:00 DEBUG 94359 --- [taskmanager] [main] s.w.s.m.m.a.RequestMappingHandlerMapping : Mapped to com.exemplo.taskmanager.controller.ProjectController#getAllProjects(User)
2026-06-05T00:18:21.921+01:00 DEBUG 94359 --- [taskmanager] [main] o.s.w.s.m.m.a.HttpEntityMethodProcessor  : Using 'application/json', given [*/*] and supported [application/json, application/*+json]
2026-06-05T00:18:21.922+01:00 DEBUG 94359 --- [taskmanager] [main] o.s.w.s.m.m.a.HttpEntityMethodProcessor  : Writing [[]]
2026-06-05T00:18:21.937+01:00 DEBUG 94359 --- [taskmanager] [main] s.w.s.m.m.a.RequestMappingHandlerMapping : Mapped to com.exemplo.taskmanager.controller.ProjectController#getAllProjects(User)
2026-06-05T00:18:21.940+01:00 DEBUG 94359 --- [taskmanager] [main] o.s.w.s.m.m.a.HttpEntityMethodProcessor  : Using 'application/json', given [*/*] and supported [application/json, application/*+json]
2026-06-05T00:18:21.941+01:00 DEBUG 94359 --- [taskmanager] [main] o.s.w.s.m.m.a.HttpEntityMethodProcessor  : Writing [[]]
2026-06-05T00:18:21.967+01:00 DEBUG 94359 --- [taskmanager] [main] s.w.s.m.m.a.RequestMappingHandlerMapping : Mapped to com.exemplo.taskmanager.controller.ProjectController#editProject(Long, EditProjectRequest, User)
2026-06-05T00:18:21.970+01:00 DEBUG 94359 --- [taskmanager] [main] m.m.a.RequestResponseBodyMethodProcessor : Read "application/json;charset=UTF-8" to [EditProjectRequest(name=Updated Project, color=null, parentId=null)]
2026-06-05T00:18:21.972+01:00 DEBUG 94359 --- [taskmanager] [main] o.s.w.s.m.m.a.HttpEntityMethodProcessor  : Using 'application/json', given [*/*] and supported [application/json, application/*+json]
2026-06-05T00:18:21.973+01:00 DEBUG 94359 --- [taskmanager] [main] o.s.w.s.m.m.a.HttpEntityMethodProcessor  : Writing [ProjectResponse(id=1, name=Updated Project, color=null, parentId=null, subProjects=[], tasks=[])]
2026-06-05T00:18:21.994+01:00 DEBUG 94359 --- [taskmanager] [main] s.w.s.m.m.a.RequestMappingHandlerMapping : Mapped to com.exemplo.taskmanager.controller.ProjectController#getProject(Long, User)
2026-06-05T00:18:21.995+01:00 DEBUG 94359 --- [taskmanager] [main] o.s.w.s.m.m.a.HttpEntityMethodProcessor  : Using 'application/json', given [*/*] and supported [application/json, application/*+json]
2026-06-05T00:18:21.996+01:00 DEBUG 94359 --- [taskmanager] [main] o.s.w.s.m.m.a.HttpEntityMethodProcessor  : Writing [ProjectResponse(id=1, name=My Project, color=#ff0000, parentId=null, subProjects=[], tasks=[])]
2026-06-05T00:18:22.013+01:00 DEBUG 94359 --- [taskmanager] [SpringApplicationShutdownHook] o.s.w.c.s.GenericWebApplicationContext   : Closing org.springframework.web.context.support.GenericWebApplicationContext@a7ad6e5, started on Fri Jun 05 00:18:19 WEST 2026
2026-06-05T00:21:46.533+01:00  INFO 95665 --- [taskmanager] [main] c.e.t.controller.ProjectControllerTest   : Starting ProjectControllerTest using Java 21.0.10 with PID 95665 (started by pedro in /home/pedro/taskmanager)
2026-06-05T00:21:46.534+01:00  INFO 95665 --- [taskmanager] [main] c.e.t.controller.ProjectControllerTest   : No active profile set, falling back to 1 default profile: "default"
2026-06-05T00:21:46.561+01:00 DEBUG 95665 --- [taskmanager] [main] o.s.w.c.s.GenericWebApplicationContext   : Refreshing org.springframework.web.context.support.GenericWebApplicationContext@119c745c
2026-06-05T00:21:48.762+01:00 DEBUG 95665 --- [taskmanager] [main] s.w.s.m.m.a.RequestMappingHandlerMapping : 7 mappings in 'requestMappingHandlerMapping'
2026-06-05T00:21:48.789+01:00 DEBUG 95665 --- [taskmanager] [main] o.s.w.s.handler.SimpleUrlHandlerMapping  : Patterns [/webjars/**, /**] in 'resourceHandlerMapping'
2026-06-05T00:21:48.813+01:00 DEBUG 95665 --- [taskmanager] [main] s.w.s.m.m.a.RequestMappingHandlerAdapter : ControllerAdvice beans: 0 @ModelAttribute, 0 @InitBinder, 2 RequestBodyAdvice, 1 ResponseBodyAdvice
2026-06-05T00:21:48.843+01:00 DEBUG 95665 --- [taskmanager] [main] .m.m.a.ExceptionHandlerExceptionResolver : ControllerAdvice beans: 0 @ExceptionHandler, 1 ResponseBodyAdvice
2026-06-05T00:21:48.884+01:00  INFO 95665 --- [taskmanager] [main] o.s.b.t.m.w.SpringBootMockServletContext : Initializing Spring TestDispatcherServlet ''
2026-06-05T00:21:48.884+01:00  INFO 95665 --- [taskmanager] [main] o.s.t.web.servlet.TestDispatcherServlet  : Initializing Servlet ''
2026-06-05T00:21:48.889+01:00  INFO 95665 --- [taskmanager] [main] o.s.t.web.servlet.TestDispatcherServlet  : Completed initialization in 4 ms
2026-06-05T00:21:48.920+01:00  INFO 95665 --- [taskmanager] [main] c.e.t.controller.ProjectControllerTest   : Started ProjectControllerTest in 2.702 seconds (process running for 3.951)
2026-06-05T00:21:49.051+01:00 DEBUG 95665 --- [taskmanager] [main] s.w.s.m.m.a.RequestMappingHandlerMapping : Mapped to com.exemplo.taskmanager.controller.ProjectController#createProject(CreateProjectRequest, User)
2026-06-05T00:21:49.101+01:00 DEBUG 95665 --- [taskmanager] [main] m.m.a.RequestResponseBodyMethodProcessor : Read "application/json;charset=UTF-8" to [CreateProjectRequest(name=New Project, color=null, parentId=null)]
2026-06-05T00:21:49.118+01:00 DEBUG 95665 --- [taskmanager] [main] o.s.w.s.m.m.a.HttpEntityMethodProcessor  : Using 'application/json', given [*/*] and supported [application/json, application/*+json]
2026-06-05T00:21:49.121+01:00 DEBUG 95665 --- [taskmanager] [main] o.s.w.s.m.m.a.HttpEntityMethodProcessor  : Writing [ProjectResponse(id=1, name=New Project, color=null, parentId=null, subProjects=[], tasks=[])]
2026-06-05T00:21:49.205+01:00 DEBUG 95665 --- [taskmanager] [main] s.w.s.m.m.a.RequestMappingHandlerMapping : Mapped to com.exemplo.taskmanager.controller.ProjectController#deleteProject(Long, User)
2026-06-05T00:21:49.210+01:00 DEBUG 95665 --- [taskmanager] [main] o.s.w.s.m.m.a.HttpEntityMethodProcessor  : Using 'application/json', given [*/*] and supported [application/json, application/*+json]
2026-06-05T00:21:49.211+01:00 DEBUG 95665 --- [taskmanager] [main] o.s.w.s.m.m.a.HttpEntityMethodProcessor  : Nothing to write: null body
2026-06-05T00:21:49.228+01:00 DEBUG 95665 --- [taskmanager] [main] s.w.s.m.m.a.RequestMappingHandlerMapping : Mapped to com.exemplo.taskmanager.controller.ProjectController#getAllProjects(User)
2026-06-05T00:21:49.232+01:00 DEBUG 95665 --- [taskmanager] [main] o.s.w.s.m.m.a.HttpEntityMethodProcessor  : Using 'application/json', given [*/*] and supported [application/json, application/*+json]
2026-06-05T00:21:49.233+01:00 DEBUG 95665 --- [taskmanager] [main] o.s.w.s.m.m.a.HttpEntityMethodProcessor  : Writing [[]]
2026-06-05T00:21:49.252+01:00 DEBUG 95665 --- [taskmanager] [main] s.w.s.m.m.a.RequestMappingHandlerMapping : Mapped to com.exemplo.taskmanager.controller.ProjectController#editProject(Long, EditProjectRequest, User)
2026-06-05T00:21:49.257+01:00 DEBUG 95665 --- [taskmanager] [main] m.m.a.RequestResponseBodyMethodProcessor : Read "application/json;charset=UTF-8" to [EditProjectRequest(name=Updated Project, color=null, parentId=null)]
2026-06-05T00:21:49.260+01:00 DEBUG 95665 --- [taskmanager] [main] o.s.w.s.m.m.a.HttpEntityMethodProcessor  : Using 'application/json', given [*/*] and supported [application/json, application/*+json]
2026-06-05T00:21:49.262+01:00 DEBUG 95665 --- [taskmanager] [main] o.s.w.s.m.m.a.HttpEntityMethodProcessor  : Writing [ProjectResponse(id=1, name=Updated Project, color=null, parentId=null, subProjects=[], tasks=[])]
2026-06-05T00:21:49.277+01:00 DEBUG 95665 --- [taskmanager] [main] s.w.s.m.m.a.RequestMappingHandlerMapping : Mapped to com.exemplo.taskmanager.controller.ProjectController#getProject(Long, User)
2026-06-05T00:21:49.281+01:00 DEBUG 95665 --- [taskmanager] [main] o.s.w.s.m.m.a.HttpEntityMethodProcessor  : Using 'application/json', given [*/*] and supported [application/json, application/*+json]
2026-06-05T00:21:49.282+01:00 DEBUG 95665 --- [taskmanager] [main] o.s.w.s.m.m.a.HttpEntityMethodProcessor  : Writing [ProjectResponse(id=1, name=My Project, color=#ff0000, parentId=null, subProjects=[], tasks=[])]
2026-06-05T00:21:49.295+01:00 DEBUG 95665 --- [taskmanager] [SpringApplicationShutdownHook] o.s.w.c.s.GenericWebApplicationContext   : Closing org.springframework.web.context.support.GenericWebApplicationContext@119c745c, started on Fri Jun 05 00:21:46 WEST 2026
2026-06-05T00:21:57.397+01:00  INFO 95827 --- [taskmanager] [main] c.e.t.controller.AuthControllerTest      : Starting AuthControllerTest using Java 21.0.10 with PID 95827 (started by pedro in /home/pedro/taskmanager)
2026-06-05T00:21:57.399+01:00  INFO 95827 --- [taskmanager] [main] c.e.t.controller.AuthControllerTest      : No active profile set, falling back to 1 default profile: "default"
2026-06-05T00:21:57.420+01:00 DEBUG 95827 --- [taskmanager] [main] o.s.w.c.s.GenericWebApplicationContext   : Refreshing org.springframework.web.context.support.GenericWebApplicationContext@1bc776b7
2026-06-05T00:21:59.365+01:00 DEBUG 95827 --- [taskmanager] [main] s.w.s.m.m.a.RequestMappingHandlerMapping : 6 mappings in 'requestMappingHandlerMapping'
2026-06-05T00:21:59.388+01:00 DEBUG 95827 --- [taskmanager] [main] o.s.w.s.handler.SimpleUrlHandlerMapping  : Patterns [/webjars/**, /**] in 'resourceHandlerMapping'
2026-06-05T00:21:59.407+01:00 DEBUG 95827 --- [taskmanager] [main] s.w.s.m.m.a.RequestMappingHandlerAdapter : ControllerAdvice beans: 0 @ModelAttribute, 0 @InitBinder, 2 RequestBodyAdvice, 1 ResponseBodyAdvice
2026-06-05T00:21:59.434+01:00 DEBUG 95827 --- [taskmanager] [main] .m.m.a.ExceptionHandlerExceptionResolver : ControllerAdvice beans: 0 @ExceptionHandler, 1 ResponseBodyAdvice
2026-06-05T00:21:59.476+01:00  INFO 95827 --- [taskmanager] [main] o.s.b.t.m.w.SpringBootMockServletContext : Initializing Spring TestDispatcherServlet ''
2026-06-05T00:21:59.477+01:00  INFO 95827 --- [taskmanager] [main] o.s.t.web.servlet.TestDispatcherServlet  : Initializing Servlet ''
2026-06-05T00:21:59.478+01:00  INFO 95827 --- [taskmanager] [main] o.s.t.web.servlet.TestDispatcherServlet  : Completed initialization in 1 ms
2026-06-05T00:21:59.507+01:00  INFO 95827 --- [taskmanager] [main] c.e.t.controller.AuthControllerTest      : Started AuthControllerTest in 2.439 seconds (process running for 3.478)
2026-06-05T00:21:59.604+01:00 DEBUG 95827 --- [taskmanager] [main] s.w.s.m.m.a.RequestMappingHandlerMapping : Mapped to com.exemplo.taskmanager.controller.AuthController#register(RegisterRequest)
2026-06-05T00:21:59.648+01:00 DEBUG 95827 --- [taskmanager] [main] m.m.a.RequestResponseBodyMethodProcessor : Read "application/json;charset=UTF-8" to [RegisterRequest(name=Pedro, email=pedro@example.com, password=password123)]
2026-06-05T00:21:59.738+01:00  WARN 95827 --- [taskmanager] [main] .w.s.m.s.DefaultHandlerExceptionResolver : Resolved [org.springframework.web.bind.MethodArgumentNotValidException: Validation failed for argument [0] in public com.exemplo.taskmanager.dto.auth.AuthResponse com.exemplo.taskmanager.controller.AuthController.register(com.exemplo.taskmanager.dto.auth.RegisterRequest): [Field error in object 'registerRequest' on field 'password': rejected value [password123]; codes [Pattern.registerRequest.password,Pattern.password,Pattern.java.lang.String,Pattern]; arguments [org.springframework.context.support.DefaultMessageSourceResolvable: codes [registerRequest.password,password]; arguments []; default message [password],[Ljakarta.validation.constraints.Pattern$Flag;@5c0ece6d,^(?=.*[a-z])(?=.*[A-Z])(?=.*\d).*$]; default message [Password must contain at least one uppercase letter, one lowercase letter and one number]] ]
2026-06-05T00:21:59.777+01:00 DEBUG 95827 --- [taskmanager] [main] s.w.s.m.m.a.RequestMappingHandlerMapping : Mapped to com.exemplo.taskmanager.controller.AuthController#refresh(RefreshTokenRequest)
2026-06-05T00:21:59.779+01:00 DEBUG 95827 --- [taskmanager] [main] m.m.a.RequestResponseBodyMethodProcessor : Read "application/json;charset=UTF-8" to [RefreshTokenRequest(refreshToken=valid-refresh-token)]
2026-06-05T00:21:59.786+01:00 DEBUG 95827 --- [taskmanager] [main] m.m.a.RequestResponseBodyMethodProcessor : Using 'application/json', given [*/*] and supported [application/json, application/*+json]
2026-06-05T00:21:59.788+01:00 DEBUG 95827 --- [taskmanager] [main] m.m.a.RequestResponseBodyMethodProcessor : Writing [AuthResponse(accessToken=new-access, refreshToken=new-refresh, name=Pedro, email=pedro@example.com)]
2026-06-05T00:21:59.840+01:00 DEBUG 95827 --- [taskmanager] [main] s.w.s.m.m.a.RequestMappingHandlerMapping : Mapped to com.exemplo.taskmanager.controller.AuthController#logout(HttpServletRequest, User)
2026-06-05T00:21:59.860+01:00 DEBUG 95827 --- [taskmanager] [main] s.w.s.m.m.a.RequestMappingHandlerMapping : Mapped to com.exemplo.taskmanager.controller.AuthController#login(LoginRequest)
2026-06-05T00:21:59.862+01:00 DEBUG 95827 --- [taskmanager] [main] m.m.a.RequestResponseBodyMethodProcessor : Read "application/json;charset=UTF-8" to [LoginRequest(email=pedro@example.com, password=password123)]
2026-06-05T00:21:59.864+01:00 DEBUG 95827 --- [taskmanager] [main] m.m.a.RequestResponseBodyMethodProcessor : Using 'application/json', given [*/*] and supported [application/json, application/*+json]
2026-06-05T00:21:59.865+01:00 DEBUG 95827 --- [taskmanager] [main] m.m.a.RequestResponseBodyMethodProcessor : Writing [AuthResponse(accessToken=access, refreshToken=refresh, name=Pedro, email=pedro@example.com)]
2026-06-05T00:21:59.878+01:00 DEBUG 95827 --- [taskmanager] [main] s.w.s.m.m.a.RequestMappingHandlerMapping : Mapped to com.exemplo.taskmanager.controller.AuthController#register(RegisterRequest)
2026-06-05T00:21:59.879+01:00 DEBUG 95827 --- [taskmanager] [main] m.m.a.RequestResponseBodyMethodProcessor : Read "application/json;charset=UTF-8" to [RegisterRequest(name=Pedro, email=pedro@example.com, password=password123)]
2026-06-05T00:21:59.881+01:00  WARN 95827 --- [taskmanager] [main] .w.s.m.s.DefaultHandlerExceptionResolver : Resolved [org.springframework.web.bind.MethodArgumentNotValidException: Validation failed for argument [0] in public com.exemplo.taskmanager.dto.auth.AuthResponse com.exemplo.taskmanager.controller.AuthController.register(com.exemplo.taskmanager.dto.auth.RegisterRequest): [Field error in object 'registerRequest' on field 'password': rejected value [password123]; codes [Pattern.registerRequest.password,Pattern.password,Pattern.java.lang.String,Pattern]; arguments [org.springframework.context.support.DefaultMessageSourceResolvable: codes [registerRequest.password,password]; arguments []; default message [password],[Ljakarta.validation.constraints.Pattern$Flag;@5c0ece6d,^(?=.*[a-z])(?=.*[A-Z])(?=.*\d).*$]; default message [Password must contain at least one uppercase letter, one lowercase letter and one number]] ]
2026-06-05T00:21:59.897+01:00 DEBUG 95827 --- [taskmanager] [main] s.w.s.m.m.a.RequestMappingHandlerMapping : Mapped to com.exemplo.taskmanager.controller.AuthController#login(LoginRequest)
2026-06-05T00:21:59.899+01:00 DEBUG 95827 --- [taskmanager] [main] m.m.a.RequestResponseBodyMethodProcessor : Read "application/json;charset=UTF-8" to [LoginRequest(email=pedro@example.com, password=wrongpassword)]
2026-06-05T00:21:59.917+01:00 DEBUG 95827 --- [taskmanager] [main] s.w.s.m.m.a.RequestMappingHandlerMapping : Mapped to com.exemplo.taskmanager.controller.AuthController#refresh(RefreshTokenRequest)
2026-06-05T00:21:59.919+01:00 DEBUG 95827 --- [taskmanager] [main] m.m.a.RequestResponseBodyMethodProcessor : Read "application/json;charset=UTF-8" to [RefreshTokenRequest(refreshToken=invalid-token)]
2026-06-05T00:21:59.934+01:00 DEBUG 95827 --- [taskmanager] [SpringApplicationShutdownHook] o.s.w.c.s.GenericWebApplicationContext   : Closing org.springframework.web.context.support.GenericWebApplicationContext@1bc776b7, started on Fri Jun 05 00:21:57 WEST 2026
2026-06-05T00:24:30.403+01:00  INFO 96810 --- [taskmanager] [main] c.e.t.controller.AuthControllerTest      : Starting AuthControllerTest using Java 21.0.10 with PID 96810 (started by pedro in /home/pedro/taskmanager)
2026-06-05T00:24:30.405+01:00  INFO 96810 --- [taskmanager] [main] c.e.t.controller.AuthControllerTest      : No active profile set, falling back to 1 default profile: "default"
2026-06-05T00:24:30.429+01:00 DEBUG 96810 --- [taskmanager] [main] o.s.w.c.s.GenericWebApplicationContext   : Refreshing org.springframework.web.context.support.GenericWebApplicationContext@1bc776b7
2026-06-05T00:24:32.653+01:00 DEBUG 96810 --- [taskmanager] [main] s.w.s.m.m.a.RequestMappingHandlerMapping : 6 mappings in 'requestMappingHandlerMapping'
2026-06-05T00:24:32.687+01:00 DEBUG 96810 --- [taskmanager] [main] o.s.w.s.handler.SimpleUrlHandlerMapping  : Patterns [/webjars/**, /**] in 'resourceHandlerMapping'
2026-06-05T00:24:32.713+01:00 DEBUG 96810 --- [taskmanager] [main] s.w.s.m.m.a.RequestMappingHandlerAdapter : ControllerAdvice beans: 0 @ModelAttribute, 0 @InitBinder, 2 RequestBodyAdvice, 1 ResponseBodyAdvice
2026-06-05T00:24:32.749+01:00 DEBUG 96810 --- [taskmanager] [main] .m.m.a.ExceptionHandlerExceptionResolver : ControllerAdvice beans: 0 @ExceptionHandler, 1 ResponseBodyAdvice
2026-06-05T00:24:32.789+01:00  INFO 96810 --- [taskmanager] [main] o.s.b.t.m.w.SpringBootMockServletContext : Initializing Spring TestDispatcherServlet ''
2026-06-05T00:24:32.790+01:00  INFO 96810 --- [taskmanager] [main] o.s.t.web.servlet.TestDispatcherServlet  : Initializing Servlet ''
2026-06-05T00:24:32.794+01:00  INFO 96810 --- [taskmanager] [main] o.s.t.web.servlet.TestDispatcherServlet  : Completed initialization in 3 ms
2026-06-05T00:24:32.822+01:00  INFO 96810 --- [taskmanager] [main] c.e.t.controller.AuthControllerTest      : Started AuthControllerTest in 2.853 seconds (process running for 4.043)
2026-06-05T00:24:32.939+01:00 DEBUG 96810 --- [taskmanager] [main] s.w.s.m.m.a.RequestMappingHandlerMapping : Mapped to com.exemplo.taskmanager.controller.AuthController#register(RegisterRequest)
2026-06-05T00:24:32.999+01:00 DEBUG 96810 --- [taskmanager] [main] m.m.a.RequestResponseBodyMethodProcessor : Read "application/json;charset=UTF-8" to [RegisterRequest(name=Pedro, email=pedro@example.com, password=Password123)]
2026-06-05T00:24:33.120+01:00 DEBUG 96810 --- [taskmanager] [main] s.w.s.m.m.a.RequestMappingHandlerMapping : Mapped to com.exemplo.taskmanager.controller.AuthController#refresh(RefreshTokenRequest)
2026-06-05T00:24:33.122+01:00 DEBUG 96810 --- [taskmanager] [main] m.m.a.RequestResponseBodyMethodProcessor : Read "application/json;charset=UTF-8" to [RefreshTokenRequest(refreshToken=valid-refresh-token)]
2026-06-05T00:24:33.129+01:00 DEBUG 96810 --- [taskmanager] [main] m.m.a.RequestResponseBodyMethodProcessor : Using 'application/json', given [*/*] and supported [application/json, application/*+json]
2026-06-05T00:24:33.130+01:00 DEBUG 96810 --- [taskmanager] [main] m.m.a.RequestResponseBodyMethodProcessor : Writing [AuthResponse(accessToken=new-access, refreshToken=new-refresh, name=Pedro, email=pedro@example.com)]
2026-06-05T00:24:33.188+01:00 DEBUG 96810 --- [taskmanager] [main] s.w.s.m.m.a.RequestMappingHandlerMapping : Mapped to com.exemplo.taskmanager.controller.AuthController#logout(HttpServletRequest, User)
2026-06-05T00:24:33.214+01:00 DEBUG 96810 --- [taskmanager] [main] s.w.s.m.m.a.RequestMappingHandlerMapping : Mapped to com.exemplo.taskmanager.controller.AuthController#login(LoginRequest)
2026-06-05T00:24:33.217+01:00 DEBUG 96810 --- [taskmanager] [main] m.m.a.RequestResponseBodyMethodProcessor : Read "application/json;charset=UTF-8" to [LoginRequest(email=pedro@example.com, password=Password123)]
2026-06-05T00:24:33.218+01:00 DEBUG 96810 --- [taskmanager] [main] m.m.a.RequestResponseBodyMethodProcessor : Using 'application/json', given [*/*] and supported [application/json, application/*+json]
2026-06-05T00:24:33.218+01:00 DEBUG 96810 --- [taskmanager] [main] m.m.a.RequestResponseBodyMethodProcessor : Writing [AuthResponse(accessToken=access, refreshToken=refresh, name=Pedro, email=pedro@example.com)]
2026-06-05T00:24:33.230+01:00 DEBUG 96810 --- [taskmanager] [main] s.w.s.m.m.a.RequestMappingHandlerMapping : Mapped to com.exemplo.taskmanager.controller.AuthController#register(RegisterRequest)
2026-06-05T00:24:33.231+01:00 DEBUG 96810 --- [taskmanager] [main] m.m.a.RequestResponseBodyMethodProcessor : Read "application/json;charset=UTF-8" to [RegisterRequest(name=Pedro, email=pedro@example.com, password=Password123)]
2026-06-05T00:24:33.232+01:00 DEBUG 96810 --- [taskmanager] [main] m.m.a.RequestResponseBodyMethodProcessor : Using 'application/json', given [*/*] and supported [application/json, application/*+json]
2026-06-05T00:24:33.233+01:00 DEBUG 96810 --- [taskmanager] [main] m.m.a.RequestResponseBodyMethodProcessor : Writing [AuthResponse(accessToken=access, refreshToken=refresh, name=Pedro, email=pedro@example.com)]
2026-06-05T00:24:33.250+01:00 DEBUG 96810 --- [taskmanager] [main] s.w.s.m.m.a.RequestMappingHandlerMapping : Mapped to com.exemplo.taskmanager.controller.AuthController#login(LoginRequest)
2026-06-05T00:24:33.252+01:00 DEBUG 96810 --- [taskmanager] [main] m.m.a.RequestResponseBodyMethodProcessor : Read "application/json;charset=UTF-8" to [LoginRequest(email=pedro@example.com, password=wrongpassword)]
2026-06-05T00:24:33.268+01:00 DEBUG 96810 --- [taskmanager] [main] s.w.s.m.m.a.RequestMappingHandlerMapping : Mapped to com.exemplo.taskmanager.controller.AuthController#refresh(RefreshTokenRequest)
2026-06-05T00:24:33.269+01:00 DEBUG 96810 --- [taskmanager] [main] m.m.a.RequestResponseBodyMethodProcessor : Read "application/json;charset=UTF-8" to [RefreshTokenRequest(refreshToken=invalid-token)]
2026-06-05T00:24:33.282+01:00 DEBUG 96810 --- [taskmanager] [SpringApplicationShutdownHook] o.s.w.c.s.GenericWebApplicationContext   : Closing org.springframework.web.context.support.GenericWebApplicationContext@1bc776b7, started on Fri Jun 05 00:24:30 WEST 2026
2026-06-05T23:09:52.579+01:00  INFO 74686 --- [taskmanager] [main] c.e.t.controller.AuthControllerTest      : Starting AuthControllerTest using Java 21.0.10 with PID 74686 (started by pedro in /home/pedro/taskmanager)
2026-06-05T23:09:52.581+01:00  INFO 74686 --- [taskmanager] [main] c.e.t.controller.AuthControllerTest      : No active profile set, falling back to 1 default profile: "default"
2026-06-05T23:09:52.612+01:00 DEBUG 74686 --- [taskmanager] [main] o.s.w.c.s.GenericWebApplicationContext   : Refreshing org.springframework.web.context.support.GenericWebApplicationContext@1bc776b7
2026-06-05T23:09:54.927+01:00 DEBUG 74686 --- [taskmanager] [main] s.w.s.m.m.a.RequestMappingHandlerMapping : 6 mappings in 'requestMappingHandlerMapping'
2026-06-05T23:09:54.952+01:00 DEBUG 74686 --- [taskmanager] [main] o.s.w.s.handler.SimpleUrlHandlerMapping  : Patterns [/webjars/**, /**] in 'resourceHandlerMapping'
2026-06-05T23:09:54.985+01:00 DEBUG 74686 --- [taskmanager] [main] s.w.s.m.m.a.RequestMappingHandlerAdapter : ControllerAdvice beans: 0 @ModelAttribute, 0 @InitBinder, 2 RequestBodyAdvice, 1 ResponseBodyAdvice
2026-06-05T23:09:55.039+01:00 DEBUG 74686 --- [taskmanager] [main] .m.m.a.ExceptionHandlerExceptionResolver : ControllerAdvice beans: 1 @ExceptionHandler, 1 ResponseBodyAdvice
2026-06-05T23:09:55.081+01:00  INFO 74686 --- [taskmanager] [main] o.s.b.t.m.w.SpringBootMockServletContext : Initializing Spring TestDispatcherServlet ''
2026-06-05T23:09:55.082+01:00  INFO 74686 --- [taskmanager] [main] o.s.t.web.servlet.TestDispatcherServlet  : Initializing Servlet ''
2026-06-05T23:09:55.085+01:00  INFO 74686 --- [taskmanager] [main] o.s.t.web.servlet.TestDispatcherServlet  : Completed initialization in 3 ms
2026-06-05T23:09:55.120+01:00  INFO 74686 --- [taskmanager] [main] c.e.t.controller.AuthControllerTest      : Started AuthControllerTest in 3.082 seconds (process running for 4.854)
2026-06-05T23:09:55.236+01:00 DEBUG 74686 --- [taskmanager] [main] s.w.s.m.m.a.RequestMappingHandlerMapping : Mapped to com.exemplo.taskmanager.controller.AuthController#register(RegisterRequest)
2026-06-05T23:09:55.287+01:00 DEBUG 74686 --- [taskmanager] [main] m.m.a.RequestResponseBodyMethodProcessor : Read "application/json;charset=UTF-8" to [RegisterRequest(name=Pedro, email=pedro@example.com, password=Password123)]
2026-06-05T23:09:55.390+01:00 DEBUG 74686 --- [taskmanager] [main] .m.m.a.ExceptionHandlerExceptionResolver : Using @ExceptionHandler com.exemplo.taskmanager.config.GlobalExceptionHandler#handleRuntime(RuntimeException)
2026-06-05T23:09:55.395+01:00 DEBUG 74686 --- [taskmanager] [main] o.s.w.s.m.m.a.HttpEntityMethodProcessor  : Using 'text/plain', given [*/*] and supported [text/plain, */*, application/json, application/*+json]
2026-06-05T23:09:55.396+01:00 DEBUG 74686 --- [taskmanager] [main] o.s.w.s.m.m.a.HttpEntityMethodProcessor  : Writing ["Email already registered"]
2026-06-05T23:09:55.398+01:00 DEBUG 74686 --- [taskmanager] [main] .m.m.a.ExceptionHandlerExceptionResolver : Resolved [java.lang.RuntimeException: Email already registered]
2026-06-05T23:09:55.432+01:00 DEBUG 74686 --- [taskmanager] [main] s.w.s.m.m.a.RequestMappingHandlerMapping : Mapped to com.exemplo.taskmanager.controller.AuthController#refresh(RefreshTokenRequest)
2026-06-05T23:09:55.434+01:00 DEBUG 74686 --- [taskmanager] [main] m.m.a.RequestResponseBodyMethodProcessor : Read "application/json;charset=UTF-8" to [RefreshTokenRequest(refreshToken=valid-refresh-token)]
2026-06-05T23:09:55.441+01:00 DEBUG 74686 --- [taskmanager] [main] m.m.a.RequestResponseBodyMethodProcessor : Using 'application/json', given [*/*] and supported [application/json, application/*+json]
2026-06-05T23:09:55.444+01:00 DEBUG 74686 --- [taskmanager] [main] m.m.a.RequestResponseBodyMethodProcessor : Writing [AuthResponse(accessToken=new-access, refreshToken=new-refresh, name=Pedro, email=pedro@example.com)]
2026-06-05T23:09:55.507+01:00 DEBUG 74686 --- [taskmanager] [main] s.w.s.m.m.a.RequestMappingHandlerMapping : Mapped to com.exemplo.taskmanager.controller.AuthController#logout(HttpServletRequest, User)
2026-06-05T23:09:55.531+01:00 DEBUG 74686 --- [taskmanager] [main] s.w.s.m.m.a.RequestMappingHandlerMapping : Mapped to com.exemplo.taskmanager.controller.AuthController#login(LoginRequest)
2026-06-05T23:09:55.533+01:00 DEBUG 74686 --- [taskmanager] [main] m.m.a.RequestResponseBodyMethodProcessor : Read "application/json;charset=UTF-8" to [LoginRequest(email=pedro@example.com, password=Password123)]
2026-06-05T23:09:55.534+01:00 DEBUG 74686 --- [taskmanager] [main] m.m.a.RequestResponseBodyMethodProcessor : Using 'application/json', given [*/*] and supported [application/json, application/*+json]
2026-06-05T23:09:55.535+01:00 DEBUG 74686 --- [taskmanager] [main] m.m.a.RequestResponseBodyMethodProcessor : Writing [AuthResponse(accessToken=access, refreshToken=refresh, name=Pedro, email=pedro@example.com)]
2026-06-05T23:09:55.549+01:00 DEBUG 74686 --- [taskmanager] [main] s.w.s.m.m.a.RequestMappingHandlerMapping : Mapped to com.exemplo.taskmanager.controller.AuthController#register(RegisterRequest)
2026-06-05T23:09:55.550+01:00 DEBUG 74686 --- [taskmanager] [main] m.m.a.RequestResponseBodyMethodProcessor : Read "application/json;charset=UTF-8" to [RegisterRequest(name=Pedro, email=pedro@example.com, password=Password123)]
2026-06-05T23:09:55.552+01:00 DEBUG 74686 --- [taskmanager] [main] m.m.a.RequestResponseBodyMethodProcessor : Using 'application/json', given [*/*] and supported [application/json, application/*+json]
2026-06-05T23:09:55.553+01:00 DEBUG 74686 --- [taskmanager] [main] m.m.a.RequestResponseBodyMethodProcessor : Writing [AuthResponse(accessToken=access, refreshToken=refresh, name=Pedro, email=pedro@example.com)]
2026-06-05T23:09:55.577+01:00 DEBUG 74686 --- [taskmanager] [main] s.w.s.m.m.a.RequestMappingHandlerMapping : Mapped to com.exemplo.taskmanager.controller.AuthController#login(LoginRequest)
2026-06-05T23:09:55.578+01:00 DEBUG 74686 --- [taskmanager] [main] m.m.a.RequestResponseBodyMethodProcessor : Read "application/json;charset=UTF-8" to [LoginRequest(email=pedro@example.com, password=wrongpassword)]
2026-06-05T23:09:55.581+01:00 DEBUG 74686 --- [taskmanager] [main] .m.m.a.ExceptionHandlerExceptionResolver : Using @ExceptionHandler com.exemplo.taskmanager.config.GlobalExceptionHandler#handleBadCredentials(BadCredentialsException)
2026-06-05T23:09:55.582+01:00 DEBUG 74686 --- [taskmanager] [main] o.s.w.s.m.m.a.HttpEntityMethodProcessor  : Using 'text/plain', given [*/*] and supported [text/plain, */*, application/json, application/*+json]
2026-06-05T23:09:55.583+01:00 DEBUG 74686 --- [taskmanager] [main] o.s.w.s.m.m.a.HttpEntityMethodProcessor  : Writing ["Invalid credentials"]
2026-06-05T23:09:55.584+01:00 DEBUG 74686 --- [taskmanager] [main] .m.m.a.ExceptionHandlerExceptionResolver : Resolved [org.springframework.security.authentication.BadCredentialsException: Bad credentials]
2026-06-05T23:09:55.598+01:00 DEBUG 74686 --- [taskmanager] [main] s.w.s.m.m.a.RequestMappingHandlerMapping : Mapped to com.exemplo.taskmanager.controller.AuthController#refresh(RefreshTokenRequest)
2026-06-05T23:09:55.599+01:00 DEBUG 74686 --- [taskmanager] [main] m.m.a.RequestResponseBodyMethodProcessor : Read "application/json;charset=UTF-8" to [RefreshTokenRequest(refreshToken=invalid-token)]
2026-06-05T23:09:55.602+01:00 DEBUG 74686 --- [taskmanager] [main] .m.m.a.ExceptionHandlerExceptionResolver : Using @ExceptionHandler com.exemplo.taskmanager.config.GlobalExceptionHandler#handleRuntime(RuntimeException)
2026-06-05T23:09:55.602+01:00 DEBUG 74686 --- [taskmanager] [main] o.s.w.s.m.m.a.HttpEntityMethodProcessor  : Using 'text/plain', given [*/*] and supported [text/plain, */*, application/json, application/*+json]
2026-06-05T23:09:55.603+01:00 DEBUG 74686 --- [taskmanager] [main] o.s.w.s.m.m.a.HttpEntityMethodProcessor  : Writing ["Invalid refresh token"]
2026-06-05T23:09:55.603+01:00 DEBUG 74686 --- [taskmanager] [main] .m.m.a.ExceptionHandlerExceptionResolver : Resolved [java.lang.RuntimeException: Invalid refresh token]
2026-06-05T23:09:55.617+01:00 DEBUG 74686 --- [taskmanager] [SpringApplicationShutdownHook] o.s.w.c.s.GenericWebApplicationContext   : Closing org.springframework.web.context.support.GenericWebApplicationContext@1bc776b7, started on Fri Jun 05 23:09:52 WEST 2026
2026-06-05T23:10:02.191+01:00  INFO 74968 --- [taskmanager] [main] c.e.t.controller.ProjectControllerTest   : Starting ProjectControllerTest using Java 21.0.10 with PID 74968 (started by pedro in /home/pedro/taskmanager)
2026-06-05T23:10:02.192+01:00  INFO 74968 --- [taskmanager] [main] c.e.t.controller.ProjectControllerTest   : No active profile set, falling back to 1 default profile: "default"
2026-06-05T23:10:02.206+01:00 DEBUG 74968 --- [taskmanager] [main] o.s.w.c.s.GenericWebApplicationContext   : Refreshing org.springframework.web.context.support.GenericWebApplicationContext@119c745c
2026-06-05T23:10:04.111+01:00 DEBUG 74968 --- [taskmanager] [main] s.w.s.m.m.a.RequestMappingHandlerMapping : 7 mappings in 'requestMappingHandlerMapping'
2026-06-05T23:10:04.138+01:00 DEBUG 74968 --- [taskmanager] [main] o.s.w.s.handler.SimpleUrlHandlerMapping  : Patterns [/webjars/**, /**] in 'resourceHandlerMapping'
2026-06-05T23:10:04.169+01:00 DEBUG 74968 --- [taskmanager] [main] s.w.s.m.m.a.RequestMappingHandlerAdapter : ControllerAdvice beans: 0 @ModelAttribute, 0 @InitBinder, 2 RequestBodyAdvice, 1 ResponseBodyAdvice
2026-06-05T23:10:04.218+01:00 DEBUG 74968 --- [taskmanager] [main] .m.m.a.ExceptionHandlerExceptionResolver : ControllerAdvice beans: 1 @ExceptionHandler, 1 ResponseBodyAdvice
2026-06-05T23:10:04.258+01:00  INFO 74968 --- [taskmanager] [main] o.s.b.t.m.w.SpringBootMockServletContext : Initializing Spring TestDispatcherServlet ''
2026-06-05T23:10:04.258+01:00  INFO 74968 --- [taskmanager] [main] o.s.t.web.servlet.TestDispatcherServlet  : Initializing Servlet ''
2026-06-05T23:10:04.261+01:00  INFO 74968 --- [taskmanager] [main] o.s.t.web.servlet.TestDispatcherServlet  : Completed initialization in 1 ms
2026-06-05T23:10:04.285+01:00  INFO 74968 --- [taskmanager] [main] c.e.t.controller.ProjectControllerTest   : Started ProjectControllerTest in 2.373 seconds (process running for 3.35)
2026-06-05T23:10:04.387+01:00 DEBUG 74968 --- [taskmanager] [main] s.w.s.m.m.a.RequestMappingHandlerMapping : Mapped to com.exemplo.taskmanager.controller.ProjectController#createProject(CreateProjectRequest, User)
2026-06-05T23:10:04.438+01:00 DEBUG 74968 --- [taskmanager] [main] m.m.a.RequestResponseBodyMethodProcessor : Read "application/json;charset=UTF-8" to [CreateProjectRequest(name=New Project, color=null, parentId=null)]
2026-06-05T23:10:04.457+01:00 DEBUG 74968 --- [taskmanager] [main] o.s.w.s.m.m.a.HttpEntityMethodProcessor  : Using 'application/json', given [*/*] and supported [application/json, application/*+json]
2026-06-05T23:10:04.460+01:00 DEBUG 74968 --- [taskmanager] [main] o.s.w.s.m.m.a.HttpEntityMethodProcessor  : Writing [ProjectResponse(id=1, name=New Project, color=null, parentId=null, subProjects=[], tasks=[])]
2026-06-05T23:10:04.538+01:00 DEBUG 74968 --- [taskmanager] [main] s.w.s.m.m.a.RequestMappingHandlerMapping : Mapped to com.exemplo.taskmanager.controller.ProjectController#deleteProject(Long, User)
2026-06-05T23:10:04.543+01:00 DEBUG 74968 --- [taskmanager] [main] o.s.w.s.m.m.a.HttpEntityMethodProcessor  : Using 'application/json', given [*/*] and supported [application/json, application/*+json]
2026-06-05T23:10:04.544+01:00 DEBUG 74968 --- [taskmanager] [main] o.s.w.s.m.m.a.HttpEntityMethodProcessor  : Nothing to write: null body
2026-06-05T23:10:04.560+01:00 DEBUG 74968 --- [taskmanager] [main] s.w.s.m.m.a.RequestMappingHandlerMapping : Mapped to com.exemplo.taskmanager.controller.ProjectController#getAllProjects(User)
2026-06-05T23:10:04.564+01:00 DEBUG 74968 --- [taskmanager] [main] o.s.w.s.m.m.a.HttpEntityMethodProcessor  : Using 'application/json', given [*/*] and supported [application/json, application/*+json]
2026-06-05T23:10:04.565+01:00 DEBUG 74968 --- [taskmanager] [main] o.s.w.s.m.m.a.HttpEntityMethodProcessor  : Writing [[]]
2026-06-05T23:10:04.582+01:00 DEBUG 74968 --- [taskmanager] [main] s.w.s.m.m.a.RequestMappingHandlerMapping : Mapped to com.exemplo.taskmanager.controller.ProjectController#editProject(Long, EditProjectRequest, User)
2026-06-05T23:10:04.585+01:00 DEBUG 74968 --- [taskmanager] [main] m.m.a.RequestResponseBodyMethodProcessor : Read "application/json;charset=UTF-8" to [EditProjectRequest(name=Updated Project, color=null, parentId=null)]
2026-06-05T23:10:04.588+01:00 DEBUG 74968 --- [taskmanager] [main] o.s.w.s.m.m.a.HttpEntityMethodProcessor  : Using 'application/json', given [*/*] and supported [application/json, application/*+json]
2026-06-05T23:10:04.589+01:00 DEBUG 74968 --- [taskmanager] [main] o.s.w.s.m.m.a.HttpEntityMethodProcessor  : Writing [ProjectResponse(id=1, name=Updated Project, color=null, parentId=null, subProjects=[], tasks=[])]
2026-06-05T23:10:04.601+01:00 DEBUG 74968 --- [taskmanager] [main] s.w.s.m.m.a.RequestMappingHandlerMapping : Mapped to com.exemplo.taskmanager.controller.ProjectController#getProject(Long, User)
2026-06-05T23:10:04.603+01:00 DEBUG 74968 --- [taskmanager] [main] o.s.w.s.m.m.a.HttpEntityMethodProcessor  : Using 'application/json', given [*/*] and supported [application/json, application/*+json]
2026-06-05T23:10:04.605+01:00 DEBUG 74968 --- [taskmanager] [main] o.s.w.s.m.m.a.HttpEntityMethodProcessor  : Writing [ProjectResponse(id=1, name=My Project, color=#ff0000, parentId=null, subProjects=[], tasks=[])]
2026-06-05T23:10:04.616+01:00 DEBUG 74968 --- [taskmanager] [SpringApplicationShutdownHook] o.s.w.c.s.GenericWebApplicationContext   : Closing org.springframework.web.context.support.GenericWebApplicationContext@119c745c, started on Fri Jun 05 23:10:02 WEST 2026
2026-06-05T23:10:09.277+01:00  INFO 75171 --- [taskmanager] [main] c.e.t.controller.TaskControllerTest      : Starting TaskControllerTest using Java 21.0.10 with PID 75171 (started by pedro in /home/pedro/taskmanager)
2026-06-05T23:10:09.280+01:00  INFO 75171 --- [taskmanager] [main] c.e.t.controller.TaskControllerTest      : No active profile set, falling back to 1 default profile: "default"
2026-06-05T23:10:09.297+01:00 DEBUG 75171 --- [taskmanager] [main] o.s.w.c.s.GenericWebApplicationContext   : Refreshing org.springframework.web.context.support.GenericWebApplicationContext@574cd322
2026-06-05T23:10:11.917+01:00 DEBUG 75171 --- [taskmanager] [main] s.w.s.m.m.a.RequestMappingHandlerMapping : 8 mappings in 'requestMappingHandlerMapping'
2026-06-05T23:10:11.949+01:00 DEBUG 75171 --- [taskmanager] [main] o.s.w.s.handler.SimpleUrlHandlerMapping  : Patterns [/webjars/**, /**] in 'resourceHandlerMapping'
2026-06-05T23:10:11.984+01:00 DEBUG 75171 --- [taskmanager] [main] s.w.s.m.m.a.RequestMappingHandlerAdapter : ControllerAdvice beans: 0 @ModelAttribute, 0 @InitBinder, 2 RequestBodyAdvice, 1 ResponseBodyAdvice
2026-06-05T23:10:12.044+01:00 DEBUG 75171 --- [taskmanager] [main] .m.m.a.ExceptionHandlerExceptionResolver : ControllerAdvice beans: 1 @ExceptionHandler, 1 ResponseBodyAdvice
2026-06-05T23:10:12.088+01:00  INFO 75171 --- [taskmanager] [main] o.s.b.t.m.w.SpringBootMockServletContext : Initializing Spring TestDispatcherServlet ''
2026-06-05T23:10:12.089+01:00  INFO 75171 --- [taskmanager] [main] o.s.t.web.servlet.TestDispatcherServlet  : Initializing Servlet ''
2026-06-05T23:10:12.094+01:00  INFO 75171 --- [taskmanager] [main] o.s.t.web.servlet.TestDispatcherServlet  : Completed initialization in 4 ms
2026-06-05T23:10:12.127+01:00  INFO 75171 --- [taskmanager] [main] c.e.t.controller.TaskControllerTest      : Started TaskControllerTest in 3.157 seconds (process running for 4.243)
2026-06-05T23:10:12.248+01:00 DEBUG 75171 --- [taskmanager] [main] s.w.s.m.m.a.RequestMappingHandlerMapping : Mapped to com.exemplo.taskmanager.controller.TaskController#createTask(CreateTaskRequest, User)
2026-06-05T23:10:12.308+01:00 DEBUG 75171 --- [taskmanager] [main] m.m.a.RequestResponseBodyMethodProcessor : Read "application/json;charset=UTF-8" to [CreateTaskRequest(name=Buy milk, description=null, dueDate=null, priority=null, projectId=null)]
2026-06-05T23:10:12.391+01:00 DEBUG 75171 --- [taskmanager] [main] o.s.w.s.m.m.a.HttpEntityMethodProcessor  : Using 'application/json', given [*/*] and supported [application/json, application/*+json]
2026-06-05T23:10:12.398+01:00 DEBUG 75171 --- [taskmanager] [main] o.s.w.s.m.m.a.HttpEntityMethodProcessor  : Writing [TaskResponse(id=1, name=Buy milk, description=null, completed=false, priority=null, dueDate=null, cr (truncated)...]
2026-06-05T23:10:12.489+01:00 DEBUG 75171 --- [taskmanager] [main] s.w.s.m.m.a.RequestMappingHandlerMapping : Mapped to com.exemplo.taskmanager.controller.TaskController#getInboxTasks(User)
2026-06-05T23:10:12.493+01:00 DEBUG 75171 --- [taskmanager] [main] o.s.w.s.m.m.a.HttpEntityMethodProcessor  : Using 'application/json', given [*/*] and supported [application/json, application/*+json]
2026-06-05T23:10:12.494+01:00 DEBUG 75171 --- [taskmanager] [main] o.s.w.s.m.m.a.HttpEntityMethodProcessor  : Writing [[]]
2026-06-05T23:10:12.530+01:00 DEBUG 75171 --- [taskmanager] [main] s.w.s.m.m.a.RequestMappingHandlerMapping : Mapped to com.exemplo.taskmanager.controller.TaskController#createTask(CreateTaskRequest, User)
2026-06-05T23:10:12.531+01:00 DEBUG 75171 --- [taskmanager] [main] m.m.a.RequestResponseBodyMethodProcessor : Read "application/json;charset=UTF-8" to [CreateTaskRequest(name=null, description=null, dueDate=null, priority=null, projectId=null)]
2026-06-05T23:10:12.557+01:00  WARN 75171 --- [taskmanager] [main] .w.s.m.s.DefaultHandlerExceptionResolver : Resolved [org.springframework.web.bind.MethodArgumentNotValidException: Validation failed for argument [0] in public org.springframework.http.ResponseEntity<com.exemplo.taskmanager.dto.task.TaskResponse> com.exemplo.taskmanager.controller.TaskController.createTask(com.exemplo.taskmanager.dto.task.CreateTaskRequest,com.exemplo.taskmanager.model.User): [Field error in object 'createTaskRequest' on field 'name': rejected value [null]; codes [NotBlank.createTaskRequest.name,NotBlank.name,NotBlank.java.lang.String,NotBlank]; arguments [org.springframework.context.support.DefaultMessageSourceResolvable: codes [createTaskRequest.name,name]; arguments []; default message [name]]; default message [must not be blank]] ]
2026-06-05T23:10:12.574+01:00 DEBUG 75171 --- [taskmanager] [main] s.w.s.m.m.a.RequestMappingHandlerMapping : Mapped to com.exemplo.taskmanager.controller.TaskController#deleteTask(Long, User)
2026-06-05T23:10:12.582+01:00 DEBUG 75171 --- [taskmanager] [main] o.s.w.s.m.m.a.HttpEntityMethodProcessor  : Using 'application/json', given [*/*] and supported [application/json, application/*+json]
2026-06-05T23:10:12.583+01:00 DEBUG 75171 --- [taskmanager] [main] o.s.w.s.m.m.a.HttpEntityMethodProcessor  : Nothing to write: null body
2026-06-05T23:10:12.604+01:00 DEBUG 75171 --- [taskmanager] [SpringApplicationShutdownHook] o.s.w.c.s.GenericWebApplicationContext   : Closing org.springframework.web.context.support.GenericWebApplicationContext@574cd322, started on Fri Jun 05 23:10:09 WEST 2026
2026-06-05T23:10:17.397+01:00  INFO 75359 --- [taskmanager] [main] c.e.t.controller.UserControllerTest      : Starting UserControllerTest using Java 21.0.10 with PID 75359 (started by pedro in /home/pedro/taskmanager)
2026-06-05T23:10:17.398+01:00  INFO 75359 --- [taskmanager] [main] c.e.t.controller.UserControllerTest      : No active profile set, falling back to 1 default profile: "default"
2026-06-05T23:10:17.420+01:00 DEBUG 75359 --- [taskmanager] [main] o.s.w.c.s.GenericWebApplicationContext   : Refreshing org.springframework.web.context.support.GenericWebApplicationContext@690bc15e
2026-06-05T23:10:19.296+01:00 DEBUG 75359 --- [taskmanager] [main] s.w.s.m.m.a.RequestMappingHandlerMapping : 6 mappings in 'requestMappingHandlerMapping'
2026-06-05T23:10:19.323+01:00 DEBUG 75359 --- [taskmanager] [main] o.s.w.s.handler.SimpleUrlHandlerMapping  : Patterns [/webjars/**, /**] in 'resourceHandlerMapping'
2026-06-05T23:10:19.344+01:00 DEBUG 75359 --- [taskmanager] [main] s.w.s.m.m.a.RequestMappingHandlerAdapter : ControllerAdvice beans: 0 @ModelAttribute, 0 @InitBinder, 2 RequestBodyAdvice, 1 ResponseBodyAdvice
2026-06-05T23:10:19.380+01:00 DEBUG 75359 --- [taskmanager] [main] .m.m.a.ExceptionHandlerExceptionResolver : ControllerAdvice beans: 1 @ExceptionHandler, 1 ResponseBodyAdvice
2026-06-05T23:10:19.413+01:00  INFO 75359 --- [taskmanager] [main] o.s.b.t.m.w.SpringBootMockServletContext : Initializing Spring TestDispatcherServlet ''
2026-06-05T23:10:19.414+01:00  INFO 75359 --- [taskmanager] [main] o.s.t.web.servlet.TestDispatcherServlet  : Initializing Servlet ''
2026-06-05T23:10:19.417+01:00  INFO 75359 --- [taskmanager] [main] o.s.t.web.servlet.TestDispatcherServlet  : Completed initialization in 3 ms
2026-06-05T23:10:19.440+01:00  INFO 75359 --- [taskmanager] [main] c.e.t.controller.UserControllerTest      : Started UserControllerTest in 2.349 seconds (process running for 3.354)
2026-06-05T23:10:19.531+01:00 DEBUG 75359 --- [taskmanager] [main] s.w.s.m.m.a.RequestMappingHandlerMapping : Mapped to com.exemplo.taskmanager.controller.UserController#updateProfile(User, UpdateUserRequest)
2026-06-05T23:10:19.585+01:00 DEBUG 75359 --- [taskmanager] [main] m.m.a.RequestResponseBodyMethodProcessor : Read "application/json;charset=UTF-8" to [UpdateUserRequest(name=Pedro Updated, email=null)]
2026-06-05T23:10:19.594+01:00 DEBUG 75359 --- [taskmanager] [main] m.m.a.RequestResponseBodyMethodProcessor : Using 'application/json', given [*/*] and supported [application/json, application/*+json]
2026-06-05T23:10:19.595+01:00 DEBUG 75359 --- [taskmanager] [main] m.m.a.RequestResponseBodyMethodProcessor : Writing [UserResponse(id=1, name=Pedro Updated, email=pedro@example.com)]
2026-06-05T23:10:19.672+01:00 DEBUG 75359 --- [taskmanager] [main] s.w.s.m.m.a.RequestMappingHandlerMapping : Mapped to com.exemplo.taskmanager.controller.UserController#getProfile(User)
2026-06-05T23:10:19.673+01:00 DEBUG 75359 --- [taskmanager] [main] m.m.a.RequestResponseBodyMethodProcessor : Using 'application/json', given [*/*] and supported [application/json, application/*+json]
2026-06-05T23:10:19.674+01:00 DEBUG 75359 --- [taskmanager] [main] m.m.a.RequestResponseBodyMethodProcessor : Writing [UserResponse(id=1, name=Pedro, email=pedro@example.com)]
2026-06-05T23:10:19.688+01:00 DEBUG 75359 --- [taskmanager] [main] s.w.s.m.m.a.RequestMappingHandlerMapping : Mapped to com.exemplo.taskmanager.controller.UserController#getProfile(User)
2026-06-05T23:10:19.689+01:00 DEBUG 75359 --- [taskmanager] [main] m.m.a.RequestResponseBodyMethodProcessor : Using 'application/json', given [*/*] and supported [application/json, application/*+json]
2026-06-05T23:10:19.690+01:00 DEBUG 75359 --- [taskmanager] [main] m.m.a.RequestResponseBodyMethodProcessor : Nothing to write: null body
2026-06-05T23:10:19.716+01:00 DEBUG 75359 --- [taskmanager] [main] s.w.s.m.m.a.RequestMappingHandlerMapping : Mapped to com.exemplo.taskmanager.controller.UserController#deleteAccount(User, HttpServletRequest)
2026-06-05T23:10:19.739+01:00 DEBUG 75359 --- [taskmanager] [main] s.w.s.m.m.a.RequestMappingHandlerMapping : Mapped to com.exemplo.taskmanager.controller.UserController#changePassword(User, ChangePasswordRequest)
2026-06-05T23:10:19.742+01:00 DEBUG 75359 --- [taskmanager] [main] m.m.a.RequestResponseBodyMethodProcessor : Read "application/json;charset=UTF-8" to [ChangePasswordRequest(currentPassword=wrongpass, newPassword=newpass)]
2026-06-05T23:10:19.747+01:00 DEBUG 75359 --- [taskmanager] [main] .m.m.a.ExceptionHandlerExceptionResolver : Using @ExceptionHandler com.exemplo.taskmanager.config.GlobalExceptionHandler#handleRuntime(RuntimeException)
2026-06-05T23:10:19.748+01:00 DEBUG 75359 --- [taskmanager] [main] o.s.w.s.m.m.a.HttpEntityMethodProcessor  : Using 'text/plain', given [*/*] and supported [text/plain, */*, application/json, application/*+json]
2026-06-05T23:10:19.750+01:00 DEBUG 75359 --- [taskmanager] [main] o.s.w.s.m.m.a.HttpEntityMethodProcessor  : Writing ["Password atual incorreta"]
2026-06-05T23:10:19.751+01:00 DEBUG 75359 --- [taskmanager] [main] .m.m.a.ExceptionHandlerExceptionResolver : Resolved [java.lang.RuntimeException: Password atual incorreta]
2026-06-05T23:10:19.767+01:00 DEBUG 75359 --- [taskmanager] [main] s.w.s.m.m.a.RequestMappingHandlerMapping : Mapped to com.exemplo.taskmanager.controller.UserController#changePassword(User, ChangePasswordRequest)
2026-06-05T23:10:19.769+01:00 DEBUG 75359 --- [taskmanager] [main] m.m.a.RequestResponseBodyMethodProcessor : Read "application/json;charset=UTF-8" to [ChangePasswordRequest(currentPassword=oldpass, newPassword=newpass)]
2026-06-05T23:10:19.783+01:00 DEBUG 75359 --- [taskmanager] [SpringApplicationShutdownHook] o.s.w.c.s.GenericWebApplicationContext   : Closing org.springframework.web.context.support.GenericWebApplicationContext@690bc15e, started on Fri Jun 05 23:10:17 WEST 2026
2026-06-05T23:12:01.386+01:00  INFO 76618 --- [taskmanager] [main] c.e.t.controller.UserControllerTest      : Starting UserControllerTest using Java 21.0.10 with PID 76618 (started by pedro in /home/pedro/taskmanager)
2026-06-05T23:12:01.388+01:00  INFO 76618 --- [taskmanager] [main] c.e.t.controller.UserControllerTest      : No active profile set, falling back to 1 default profile: "default"
2026-06-05T23:12:01.411+01:00 DEBUG 76618 --- [taskmanager] [main] o.s.w.c.s.GenericWebApplicationContext   : Refreshing org.springframework.web.context.support.GenericWebApplicationContext@3b1ed14b
2026-06-05T23:12:04.569+01:00 DEBUG 76618 --- [taskmanager] [main] s.w.s.m.m.a.RequestMappingHandlerMapping : 6 mappings in 'requestMappingHandlerMapping'
2026-06-05T23:12:04.613+01:00 DEBUG 76618 --- [taskmanager] [main] o.s.w.s.handler.SimpleUrlHandlerMapping  : Patterns [/webjars/**, /**] in 'resourceHandlerMapping'
2026-06-05T23:12:04.655+01:00 DEBUG 76618 --- [taskmanager] [main] s.w.s.m.m.a.RequestMappingHandlerAdapter : ControllerAdvice beans: 0 @ModelAttribute, 0 @InitBinder, 2 RequestBodyAdvice, 1 ResponseBodyAdvice
2026-06-05T23:12:04.725+01:00 DEBUG 76618 --- [taskmanager] [main] .m.m.a.ExceptionHandlerExceptionResolver : ControllerAdvice beans: 1 @ExceptionHandler, 1 ResponseBodyAdvice
2026-06-05T23:12:04.783+01:00  INFO 76618 --- [taskmanager] [main] o.s.b.t.m.w.SpringBootMockServletContext : Initializing Spring TestDispatcherServlet ''
2026-06-05T23:12:04.785+01:00  INFO 76618 --- [taskmanager] [main] o.s.t.web.servlet.TestDispatcherServlet  : Initializing Servlet ''
2026-06-05T23:12:04.791+01:00  INFO 76618 --- [taskmanager] [main] o.s.t.web.servlet.TestDispatcherServlet  : Completed initialization in 4 ms
2026-06-05T23:12:04.837+01:00  INFO 76618 --- [taskmanager] [main] c.e.t.controller.UserControllerTest      : Started UserControllerTest in 3.981 seconds (process running for 5.862)
2026-06-05T23:12:05.013+01:00 DEBUG 76618 --- [taskmanager] [main] s.w.s.m.m.a.RequestMappingHandlerMapping : Mapped to com.exemplo.taskmanager.controller.UserController#updateProfile(User, UpdateUserRequest)
2026-06-05T23:12:05.108+01:00 DEBUG 76618 --- [taskmanager] [main] m.m.a.RequestResponseBodyMethodProcessor : Read "application/json;charset=UTF-8" to [UpdateUserRequest(name=Pedro Updated, email=null)]
2026-06-05T23:12:05.121+01:00 DEBUG 76618 --- [taskmanager] [main] m.m.a.RequestResponseBodyMethodProcessor : Using 'application/json', given [*/*] and supported [application/json, application/*+json]
2026-06-05T23:12:05.123+01:00 DEBUG 76618 --- [taskmanager] [main] m.m.a.RequestResponseBodyMethodProcessor : Writing [UserResponse(id=1, name=Pedro Updated, email=pedro@example.com)]
2026-06-05T23:12:05.224+01:00 DEBUG 76618 --- [taskmanager] [main] s.w.s.m.m.a.RequestMappingHandlerMapping : Mapped to com.exemplo.taskmanager.controller.UserController#getProfile(User)
2026-06-05T23:12:05.226+01:00 DEBUG 76618 --- [taskmanager] [main] m.m.a.RequestResponseBodyMethodProcessor : Using 'application/json', given [*/*] and supported [application/json, application/*+json]
2026-06-05T23:12:05.227+01:00 DEBUG 76618 --- [taskmanager] [main] m.m.a.RequestResponseBodyMethodProcessor : Writing [UserResponse(id=1, name=Pedro, email=pedro@example.com)]
2026-06-05T23:12:05.253+01:00 DEBUG 76618 --- [taskmanager] [main] s.w.s.m.m.a.RequestMappingHandlerMapping : Mapped to com.exemplo.taskmanager.controller.UserController#deleteAccount(User, HttpServletRequest)
2026-06-05T23:12:05.289+01:00 DEBUG 76618 --- [taskmanager] [main] s.w.s.m.m.a.RequestMappingHandlerMapping : Mapped to com.exemplo.taskmanager.controller.UserController#changePassword(User, ChangePasswordRequest)
2026-06-05T23:12:05.294+01:00 DEBUG 76618 --- [taskmanager] [main] m.m.a.RequestResponseBodyMethodProcessor : Read "application/json;charset=UTF-8" to [ChangePasswordRequest(currentPassword=wrongpass, newPassword=newpass)]
2026-06-05T23:12:05.300+01:00 DEBUG 76618 --- [taskmanager] [main] .m.m.a.ExceptionHandlerExceptionResolver : Using @ExceptionHandler com.exemplo.taskmanager.config.GlobalExceptionHandler#handleRuntime(RuntimeException)
2026-06-05T23:12:05.304+01:00 DEBUG 76618 --- [taskmanager] [main] o.s.w.s.m.m.a.HttpEntityMethodProcessor  : Using 'text/plain', given [*/*] and supported [text/plain, */*, application/json, application/*+json]
2026-06-05T23:12:05.307+01:00 DEBUG 76618 --- [taskmanager] [main] o.s.w.s.m.m.a.HttpEntityMethodProcessor  : Writing ["Password atual incorreta"]
2026-06-05T23:12:05.310+01:00 DEBUG 76618 --- [taskmanager] [main] .m.m.a.ExceptionHandlerExceptionResolver : Resolved [java.lang.RuntimeException: Password atual incorreta]
2026-06-05T23:12:05.330+01:00 DEBUG 76618 --- [taskmanager] [main] s.w.s.m.m.a.RequestMappingHandlerMapping : Mapped to com.exemplo.taskmanager.controller.UserController#changePassword(User, ChangePasswordRequest)
2026-06-05T23:12:05.332+01:00 DEBUG 76618 --- [taskmanager] [main] m.m.a.RequestResponseBodyMethodProcessor : Read "application/json;charset=UTF-8" to [ChangePasswordRequest(currentPassword=oldpass, newPassword=newpass)]
2026-06-05T23:12:05.357+01:00 DEBUG 76618 --- [taskmanager] [SpringApplicationShutdownHook] o.s.w.c.s.GenericWebApplicationContext   : Closing org.springframework.web.context.support.GenericWebApplicationContext@3b1ed14b, started on Fri Jun 05 23:12:01 WEST 2026
2026-06-05T23:19:51.296+01:00  INFO 82158 --- [taskmanager] [main] c.e.t.controller.AuthControllerTest      : Starting AuthControllerTest using Java 21.0.10 with PID 82158 (started by pedro in /home/pedro/taskmanager)
2026-06-05T23:19:51.299+01:00  INFO 82158 --- [taskmanager] [main] c.e.t.controller.AuthControllerTest      : No active profile set, falling back to 1 default profile: "default"
2026-06-05T23:19:51.335+01:00 DEBUG 82158 --- [taskmanager] [main] o.s.w.c.s.GenericWebApplicationContext   : Refreshing org.springframework.web.context.support.GenericWebApplicationContext@1bc776b7
2026-06-05T23:19:55.781+01:00 DEBUG 82158 --- [taskmanager] [main] s.w.s.m.m.a.RequestMappingHandlerMapping : 6 mappings in 'requestMappingHandlerMapping'
2026-06-05T23:19:55.833+01:00 DEBUG 82158 --- [taskmanager] [main] o.s.w.s.handler.SimpleUrlHandlerMapping  : Patterns [/webjars/**, /**] in 'resourceHandlerMapping'
2026-06-05T23:19:55.887+01:00 DEBUG 82158 --- [taskmanager] [main] s.w.s.m.m.a.RequestMappingHandlerAdapter : ControllerAdvice beans: 0 @ModelAttribute, 0 @InitBinder, 2 RequestBodyAdvice, 1 ResponseBodyAdvice
2026-06-05T23:19:55.984+01:00 DEBUG 82158 --- [taskmanager] [main] .m.m.a.ExceptionHandlerExceptionResolver : ControllerAdvice beans: 1 @ExceptionHandler, 1 ResponseBodyAdvice
2026-06-05T23:19:56.065+01:00  INFO 82158 --- [taskmanager] [main] o.s.b.t.m.w.SpringBootMockServletContext : Initializing Spring TestDispatcherServlet ''
2026-06-05T23:19:56.066+01:00  INFO 82158 --- [taskmanager] [main] o.s.t.web.servlet.TestDispatcherServlet  : Initializing Servlet ''
2026-06-05T23:19:56.074+01:00  INFO 82158 --- [taskmanager] [main] o.s.t.web.servlet.TestDispatcherServlet  : Completed initialization in 7 ms
2026-06-05T23:19:56.141+01:00  INFO 82158 --- [taskmanager] [main] c.e.t.controller.AuthControllerTest      : Started AuthControllerTest in 5.476 seconds (process running for 7.837)
2026-06-05T23:19:56.510+01:00 DEBUG 82158 --- [taskmanager] [main] s.w.s.m.m.a.RequestMappingHandlerMapping : Mapped to com.exemplo.taskmanager.controller.AuthController#register(RegisterRequest)
2026-06-05T23:19:56.627+01:00 DEBUG 82158 --- [taskmanager] [main] m.m.a.RequestResponseBodyMethodProcessor : Read "application/json;charset=UTF-8" to [RegisterRequest(name=Pedro, email=pedro@example.com, password=Password123)]
2026-06-05T23:19:56.868+01:00 DEBUG 82158 --- [taskmanager] [main] .m.m.a.ExceptionHandlerExceptionResolver : Using @ExceptionHandler com.exemplo.taskmanager.config.GlobalExceptionHandler#handleRuntime(RuntimeException)
2026-06-05T23:19:56.880+01:00 DEBUG 82158 --- [taskmanager] [main] o.s.w.s.m.m.a.HttpEntityMethodProcessor  : Using 'text/plain', given [*/*] and supported [text/plain, */*, application/json, application/*+json]
2026-06-05T23:19:56.888+01:00 DEBUG 82158 --- [taskmanager] [main] o.s.w.s.m.m.a.HttpEntityMethodProcessor  : Writing ["Email already registered"]
2026-06-05T23:19:56.897+01:00 DEBUG 82158 --- [taskmanager] [main] .m.m.a.ExceptionHandlerExceptionResolver : Resolved [java.lang.RuntimeException: Email already registered]
2026-06-05T23:19:57.009+01:00 DEBUG 82158 --- [taskmanager] [main] s.w.s.m.m.a.RequestMappingHandlerMapping : Mapped to com.exemplo.taskmanager.controller.AuthController#refresh(RefreshTokenRequest)
2026-06-05T23:19:57.016+01:00 DEBUG 82158 --- [taskmanager] [main] m.m.a.RequestResponseBodyMethodProcessor : Read "application/json;charset=UTF-8" to [RefreshTokenRequest(refreshToken=valid-refresh-token)]
2026-06-05T23:19:57.025+01:00 DEBUG 82158 --- [taskmanager] [main] m.m.a.RequestResponseBodyMethodProcessor : Using 'application/json', given [*/*] and supported [application/json, application/*+json]
2026-06-05T23:19:57.034+01:00 DEBUG 82158 --- [taskmanager] [main] m.m.a.RequestResponseBodyMethodProcessor : Writing [AuthResponse(accessToken=new-access, refreshToken=new-refresh, name=Pedro, email=pedro@example.com)]
2026-06-05T23:19:57.160+01:00 DEBUG 82158 --- [taskmanager] [main] s.w.s.m.m.a.RequestMappingHandlerMapping : Mapped to com.exemplo.taskmanager.controller.AuthController#logout(HttpServletRequest, User)
2026-06-05T23:19:57.246+01:00 DEBUG 82158 --- [taskmanager] [main] s.w.s.m.m.a.RequestMappingHandlerMapping : Mapped to com.exemplo.taskmanager.controller.AuthController#login(LoginRequest)
2026-06-05T23:19:57.252+01:00 DEBUG 82158 --- [taskmanager] [main] m.m.a.RequestResponseBodyMethodProcessor : Read "application/json;charset=UTF-8" to [LoginRequest(email=pedro@example.com, password=Password123)]
2026-06-05T23:19:57.255+01:00 DEBUG 82158 --- [taskmanager] [main] m.m.a.RequestResponseBodyMethodProcessor : Using 'application/json', given [*/*] and supported [application/json, application/*+json]
2026-06-05T23:19:57.256+01:00 DEBUG 82158 --- [taskmanager] [main] m.m.a.RequestResponseBodyMethodProcessor : Writing [AuthResponse(accessToken=access, refreshToken=refresh, name=Pedro, email=pedro@example.com)]
2026-06-05T23:19:57.307+01:00 DEBUG 82158 --- [taskmanager] [main] s.w.s.m.m.a.RequestMappingHandlerMapping : Mapped to com.exemplo.taskmanager.controller.AuthController#register(RegisterRequest)
2026-06-05T23:19:57.308+01:00 DEBUG 82158 --- [taskmanager] [main] m.m.a.RequestResponseBodyMethodProcessor : Read "application/json;charset=UTF-8" to [RegisterRequest(name=Pedro, email=pedro@example.com, password=Password123)]
2026-06-05T23:19:57.311+01:00 DEBUG 82158 --- [taskmanager] [main] m.m.a.RequestResponseBodyMethodProcessor : Using 'application/json', given [*/*] and supported [application/json, application/*+json]
2026-06-05T23:19:57.312+01:00 DEBUG 82158 --- [taskmanager] [main] m.m.a.RequestResponseBodyMethodProcessor : Writing [AuthResponse(accessToken=access, refreshToken=refresh, name=Pedro, email=pedro@example.com)]
2026-06-05T23:19:57.353+01:00 DEBUG 82158 --- [taskmanager] [main] s.w.s.m.m.a.RequestMappingHandlerMapping : Mapped to com.exemplo.taskmanager.controller.AuthController#login(LoginRequest)
2026-06-05T23:19:57.355+01:00 DEBUG 82158 --- [taskmanager] [main] m.m.a.RequestResponseBodyMethodProcessor : Read "application/json;charset=UTF-8" to [LoginRequest(email=pedro@example.com, password=wrongpassword)]
2026-06-05T23:19:57.363+01:00 DEBUG 82158 --- [taskmanager] [main] .m.m.a.ExceptionHandlerExceptionResolver : Using @ExceptionHandler com.exemplo.taskmanager.config.GlobalExceptionHandler#handleBadCredentials(BadCredentialsException)
2026-06-05T23:19:57.365+01:00 DEBUG 82158 --- [taskmanager] [main] o.s.w.s.m.m.a.HttpEntityMethodProcessor  : Using 'text/plain', given [*/*] and supported [text/plain, */*, application/json, application/*+json]
2026-06-05T23:19:57.365+01:00 DEBUG 82158 --- [taskmanager] [main] o.s.w.s.m.m.a.HttpEntityMethodProcessor  : Writing ["Invalid credentials"]
2026-06-05T23:19:57.367+01:00 DEBUG 82158 --- [taskmanager] [main] .m.m.a.ExceptionHandlerExceptionResolver : Resolved [org.springframework.security.authentication.BadCredentialsException: Bad credentials]
2026-06-05T23:19:57.393+01:00 DEBUG 82158 --- [taskmanager] [main] s.w.s.m.m.a.RequestMappingHandlerMapping : Mapped to com.exemplo.taskmanager.controller.AuthController#refresh(RefreshTokenRequest)
2026-06-05T23:19:57.397+01:00 DEBUG 82158 --- [taskmanager] [main] m.m.a.RequestResponseBodyMethodProcessor : Read "application/json;charset=UTF-8" to [RefreshTokenRequest(refreshToken=invalid-token)]
2026-06-05T23:19:57.403+01:00 DEBUG 82158 --- [taskmanager] [main] .m.m.a.ExceptionHandlerExceptionResolver : Using @ExceptionHandler com.exemplo.taskmanager.config.GlobalExceptionHandler#handleRuntime(RuntimeException)
2026-06-05T23:19:57.404+01:00 DEBUG 82158 --- [taskmanager] [main] o.s.w.s.m.m.a.HttpEntityMethodProcessor  : Using 'text/plain', given [*/*] and supported [text/plain, */*, application/json, application/*+json]
2026-06-05T23:19:57.406+01:00 DEBUG 82158 --- [taskmanager] [main] o.s.w.s.m.m.a.HttpEntityMethodProcessor  : Writing ["Invalid refresh token"]
2026-06-05T23:19:57.406+01:00 DEBUG 82158 --- [taskmanager] [main] .m.m.a.ExceptionHandlerExceptionResolver : Resolved [java.lang.RuntimeException: Invalid refresh token]
2026-06-05T23:19:57.434+01:00 DEBUG 82158 --- [taskmanager] [SpringApplicationShutdownHook] o.s.w.c.s.GenericWebApplicationContext   : Closing org.springframework.web.context.support.GenericWebApplicationContext@1bc776b7, started on Fri Jun 05 23:19:51 WEST 2026
2026-06-05T23:20:03.186+01:00  INFO 82400 --- [taskmanager] [main] c.e.t.controller.ProjectControllerTest   : Starting ProjectControllerTest using Java 21.0.10 with PID 82400 (started by pedro in /home/pedro/taskmanager)
2026-06-05T23:20:03.189+01:00  INFO 82400 --- [taskmanager] [main] c.e.t.controller.ProjectControllerTest   : No active profile set, falling back to 1 default profile: "default"
2026-06-05T23:20:03.223+01:00 DEBUG 82400 --- [taskmanager] [main] o.s.w.c.s.GenericWebApplicationContext   : Refreshing org.springframework.web.context.support.GenericWebApplicationContext@119c745c
2026-06-05T23:20:07.080+01:00 DEBUG 82400 --- [taskmanager] [main] s.w.s.m.m.a.RequestMappingHandlerMapping : 7 mappings in 'requestMappingHandlerMapping'
2026-06-05T23:20:07.133+01:00 DEBUG 82400 --- [taskmanager] [main] o.s.w.s.handler.SimpleUrlHandlerMapping  : Patterns [/webjars/**, /**] in 'resourceHandlerMapping'
2026-06-05T23:20:07.188+01:00 DEBUG 82400 --- [taskmanager] [main] s.w.s.m.m.a.RequestMappingHandlerAdapter : ControllerAdvice beans: 0 @ModelAttribute, 0 @InitBinder, 2 RequestBodyAdvice, 1 ResponseBodyAdvice
2026-06-05T23:20:07.257+01:00 DEBUG 82400 --- [taskmanager] [main] .m.m.a.ExceptionHandlerExceptionResolver : ControllerAdvice beans: 1 @ExceptionHandler, 1 ResponseBodyAdvice
2026-06-05T23:20:07.350+01:00  INFO 82400 --- [taskmanager] [main] o.s.b.t.m.w.SpringBootMockServletContext : Initializing Spring TestDispatcherServlet ''
2026-06-05T23:20:07.352+01:00  INFO 82400 --- [taskmanager] [main] o.s.t.web.servlet.TestDispatcherServlet  : Initializing Servlet ''
2026-06-05T23:20:07.360+01:00  INFO 82400 --- [taskmanager] [main] o.s.t.web.servlet.TestDispatcherServlet  : Completed initialization in 6 ms
2026-06-05T23:20:07.415+01:00  INFO 82400 --- [taskmanager] [main] c.e.t.controller.ProjectControllerTest   : Started ProjectControllerTest in 4.843 seconds (process running for 7.014)
2026-06-05T23:20:07.653+01:00 DEBUG 82400 --- [taskmanager] [main] s.w.s.m.m.a.RequestMappingHandlerMapping : Mapped to com.exemplo.taskmanager.controller.ProjectController#createProject(CreateProjectRequest, User)
2026-06-05T23:20:07.766+01:00 DEBUG 82400 --- [taskmanager] [main] m.m.a.RequestResponseBodyMethodProcessor : Read "application/json;charset=UTF-8" to [CreateProjectRequest(name=New Project, color=null, parentId=null)]
2026-06-05T23:20:07.802+01:00 DEBUG 82400 --- [taskmanager] [main] o.s.w.s.m.m.a.HttpEntityMethodProcessor  : Using 'application/json', given [*/*] and supported [application/json, application/*+json]
2026-06-05T23:20:07.807+01:00 DEBUG 82400 --- [taskmanager] [main] o.s.w.s.m.m.a.HttpEntityMethodProcessor  : Writing [ProjectResponse(id=1, name=New Project, color=null, parentId=null, subProjects=[], tasks=[])]
2026-06-05T23:20:07.948+01:00 DEBUG 82400 --- [taskmanager] [main] s.w.s.m.m.a.RequestMappingHandlerMapping : Mapped to com.exemplo.taskmanager.controller.ProjectController#deleteProject(Long, User)
2026-06-05T23:20:07.958+01:00 DEBUG 82400 --- [taskmanager] [main] o.s.w.s.m.m.a.HttpEntityMethodProcessor  : Using 'application/json', given [*/*] and supported [application/json, application/*+json]
2026-06-05T23:20:07.959+01:00 DEBUG 82400 --- [taskmanager] [main] o.s.w.s.m.m.a.HttpEntityMethodProcessor  : Nothing to write: null body
2026-06-05T23:20:07.993+01:00 DEBUG 82400 --- [taskmanager] [main] s.w.s.m.m.a.RequestMappingHandlerMapping : Mapped to com.exemplo.taskmanager.controller.ProjectController#getAllProjects(User)
2026-06-05T23:20:07.997+01:00 DEBUG 82400 --- [taskmanager] [main] o.s.w.s.m.m.a.HttpEntityMethodProcessor  : Using 'application/json', given [*/*] and supported [application/json, application/*+json]
2026-06-05T23:20:08.000+01:00 DEBUG 82400 --- [taskmanager] [main] o.s.w.s.m.m.a.HttpEntityMethodProcessor  : Writing [[]]
2026-06-05T23:20:08.028+01:00 DEBUG 82400 --- [taskmanager] [main] s.w.s.m.m.a.RequestMappingHandlerMapping : Mapped to com.exemplo.taskmanager.controller.ProjectController#editProject(Long, EditProjectRequest, User)
2026-06-05T23:20:08.033+01:00 DEBUG 82400 --- [taskmanager] [main] m.m.a.RequestResponseBodyMethodProcessor : Read "application/json;charset=UTF-8" to [EditProjectRequest(name=Updated Project, color=null, parentId=null)]
2026-06-05T23:20:08.035+01:00 DEBUG 82400 --- [taskmanager] [main] o.s.w.s.m.m.a.HttpEntityMethodProcessor  : Using 'application/json', given [*/*] and supported [application/json, application/*+json]
2026-06-05T23:20:08.036+01:00 DEBUG 82400 --- [taskmanager] [main] o.s.w.s.m.m.a.HttpEntityMethodProcessor  : Writing [ProjectResponse(id=1, name=Updated Project, color=null, parentId=null, subProjects=[], tasks=[])]
2026-06-05T23:20:08.058+01:00 DEBUG 82400 --- [taskmanager] [main] s.w.s.m.m.a.RequestMappingHandlerMapping : Mapped to com.exemplo.taskmanager.controller.ProjectController#getProject(Long, User)
2026-06-05T23:20:08.061+01:00 DEBUG 82400 --- [taskmanager] [main] o.s.w.s.m.m.a.HttpEntityMethodProcessor  : Using 'application/json', given [*/*] and supported [application/json, application/*+json]
2026-06-05T23:20:08.062+01:00 DEBUG 82400 --- [taskmanager] [main] o.s.w.s.m.m.a.HttpEntityMethodProcessor  : Writing [ProjectResponse(id=1, name=My Project, color=#ff0000, parentId=null, subProjects=[], tasks=[])]
2026-06-05T23:20:08.091+01:00 DEBUG 82400 --- [taskmanager] [SpringApplicationShutdownHook] o.s.w.c.s.GenericWebApplicationContext   : Closing org.springframework.web.context.support.GenericWebApplicationContext@119c745c, started on Fri Jun 05 23:20:03 WEST 2026
2026-06-05T23:20:13.620+01:00  INFO 82622 --- [taskmanager] [main] c.e.t.controller.TaskControllerTest      : Starting TaskControllerTest using Java 21.0.10 with PID 82622 (started by pedro in /home/pedro/taskmanager)
2026-06-05T23:20:13.624+01:00  INFO 82622 --- [taskmanager] [main] c.e.t.controller.TaskControllerTest      : No active profile set, falling back to 1 default profile: "default"
2026-06-05T23:20:13.652+01:00 DEBUG 82622 --- [taskmanager] [main] o.s.w.c.s.GenericWebApplicationContext   : Refreshing org.springframework.web.context.support.GenericWebApplicationContext@574cd322
2026-06-05T23:20:17.215+01:00 DEBUG 82622 --- [taskmanager] [main] s.w.s.m.m.a.RequestMappingHandlerMapping : 8 mappings in 'requestMappingHandlerMapping'
2026-06-05T23:20:17.261+01:00 DEBUG 82622 --- [taskmanager] [main] o.s.w.s.handler.SimpleUrlHandlerMapping  : Patterns [/webjars/**, /**] in 'resourceHandlerMapping'
2026-06-05T23:20:17.305+01:00 DEBUG 82622 --- [taskmanager] [main] s.w.s.m.m.a.RequestMappingHandlerAdapter : ControllerAdvice beans: 0 @ModelAttribute, 0 @InitBinder, 2 RequestBodyAdvice, 1 ResponseBodyAdvice
2026-06-05T23:20:17.379+01:00 DEBUG 82622 --- [taskmanager] [main] .m.m.a.ExceptionHandlerExceptionResolver : ControllerAdvice beans: 1 @ExceptionHandler, 1 ResponseBodyAdvice
2026-06-05T23:20:17.459+01:00  INFO 82622 --- [taskmanager] [main] o.s.b.t.m.w.SpringBootMockServletContext : Initializing Spring TestDispatcherServlet ''
2026-06-05T23:20:17.460+01:00  INFO 82622 --- [taskmanager] [main] o.s.t.web.servlet.TestDispatcherServlet  : Initializing Servlet ''
2026-06-05T23:20:17.466+01:00  INFO 82622 --- [taskmanager] [main] o.s.t.web.servlet.TestDispatcherServlet  : Completed initialization in 4 ms
2026-06-05T23:20:17.523+01:00  INFO 82622 --- [taskmanager] [main] c.e.t.controller.TaskControllerTest      : Started TaskControllerTest in 4.51 seconds (process running for 6.633)
2026-06-05T23:20:17.733+01:00 DEBUG 82622 --- [taskmanager] [main] s.w.s.m.m.a.RequestMappingHandlerMapping : Mapped to com.exemplo.taskmanager.controller.TaskController#createTask(CreateTaskRequest, User)
2026-06-05T23:20:17.846+01:00 DEBUG 82622 --- [taskmanager] [main] m.m.a.RequestResponseBodyMethodProcessor : Read "application/json;charset=UTF-8" to [CreateTaskRequest(name=Buy milk, description=null, dueDate=null, priority=null, projectId=null)]
2026-06-05T23:20:17.997+01:00 DEBUG 82622 --- [taskmanager] [main] o.s.w.s.m.m.a.HttpEntityMethodProcessor  : Using 'application/json', given [*/*] and supported [application/json, application/*+json]
2026-06-05T23:20:18.010+01:00 DEBUG 82622 --- [taskmanager] [main] o.s.w.s.m.m.a.HttpEntityMethodProcessor  : Writing [TaskResponse(id=1, name=Buy milk, description=null, completed=false, priority=null, dueDate=null, cr (truncated)...]
2026-06-05T23:20:18.140+01:00 DEBUG 82622 --- [taskmanager] [main] s.w.s.m.m.a.RequestMappingHandlerMapping : Mapped to com.exemplo.taskmanager.controller.TaskController#getInboxTasks(User)
2026-06-05T23:20:18.144+01:00 DEBUG 82622 --- [taskmanager] [main] o.s.w.s.m.m.a.HttpEntityMethodProcessor  : Using 'application/json', given [*/*] and supported [application/json, application/*+json]
2026-06-05T23:20:18.146+01:00 DEBUG 82622 --- [taskmanager] [main] o.s.w.s.m.m.a.HttpEntityMethodProcessor  : Writing [[]]
2026-06-05T23:20:18.183+01:00 DEBUG 82622 --- [taskmanager] [main] s.w.s.m.m.a.RequestMappingHandlerMapping : Mapped to com.exemplo.taskmanager.controller.TaskController#createTask(CreateTaskRequest, User)
2026-06-05T23:20:18.185+01:00 DEBUG 82622 --- [taskmanager] [main] m.m.a.RequestResponseBodyMethodProcessor : Read "application/json;charset=UTF-8" to [CreateTaskRequest(name=null, description=null, dueDate=null, priority=null, projectId=null)]
2026-06-05T23:20:18.213+01:00  WARN 82622 --- [taskmanager] [main] .w.s.m.s.DefaultHandlerExceptionResolver : Resolved [org.springframework.web.bind.MethodArgumentNotValidException: Validation failed for argument [0] in public org.springframework.http.ResponseEntity<com.exemplo.taskmanager.dto.task.TaskResponse> com.exemplo.taskmanager.controller.TaskController.createTask(com.exemplo.taskmanager.dto.task.CreateTaskRequest,com.exemplo.taskmanager.model.User): [Field error in object 'createTaskRequest' on field 'name': rejected value [null]; codes [NotBlank.createTaskRequest.name,NotBlank.name,NotBlank.java.lang.String,NotBlank]; arguments [org.springframework.context.support.DefaultMessageSourceResolvable: codes [createTaskRequest.name,name]; arguments []; default message [name]]; default message [must not be blank]] ]
2026-06-05T23:20:18.237+01:00 DEBUG 82622 --- [taskmanager] [main] s.w.s.m.m.a.RequestMappingHandlerMapping : Mapped to com.exemplo.taskmanager.controller.TaskController#deleteTask(Long, User)
2026-06-05T23:20:18.249+01:00 DEBUG 82622 --- [taskmanager] [main] o.s.w.s.m.m.a.HttpEntityMethodProcessor  : Using 'application/json', given [*/*] and supported [application/json, application/*+json]
2026-06-05T23:20:18.250+01:00 DEBUG 82622 --- [taskmanager] [main] o.s.w.s.m.m.a.HttpEntityMethodProcessor  : Nothing to write: null body
2026-06-05T23:20:18.282+01:00 DEBUG 82622 --- [taskmanager] [SpringApplicationShutdownHook] o.s.w.c.s.GenericWebApplicationContext   : Closing org.springframework.web.context.support.GenericWebApplicationContext@574cd322, started on Fri Jun 05 23:20:13 WEST 2026
2026-06-05T23:20:23.212+01:00  INFO 82841 --- [taskmanager] [main] c.e.t.controller.UserControllerTest      : Starting UserControllerTest using Java 21.0.10 with PID 82841 (started by pedro in /home/pedro/taskmanager)
2026-06-05T23:20:23.214+01:00  INFO 82841 --- [taskmanager] [main] c.e.t.controller.UserControllerTest      : No active profile set, falling back to 1 default profile: "default"
2026-06-05T23:20:23.248+01:00 DEBUG 82841 --- [taskmanager] [main] o.s.w.c.s.GenericWebApplicationContext   : Refreshing org.springframework.web.context.support.GenericWebApplicationContext@3b1ed14b
2026-06-05T23:20:27.114+01:00 DEBUG 82841 --- [taskmanager] [main] s.w.s.m.m.a.RequestMappingHandlerMapping : 6 mappings in 'requestMappingHandlerMapping'
2026-06-05T23:20:27.170+01:00 DEBUG 82841 --- [taskmanager] [main] o.s.w.s.handler.SimpleUrlHandlerMapping  : Patterns [/webjars/**, /**] in 'resourceHandlerMapping'
2026-06-05T23:20:27.226+01:00 DEBUG 82841 --- [taskmanager] [main] s.w.s.m.m.a.RequestMappingHandlerAdapter : ControllerAdvice beans: 0 @ModelAttribute, 0 @InitBinder, 2 RequestBodyAdvice, 1 ResponseBodyAdvice
2026-06-05T23:20:27.306+01:00 DEBUG 82841 --- [taskmanager] [main] .m.m.a.ExceptionHandlerExceptionResolver : ControllerAdvice beans: 1 @ExceptionHandler, 1 ResponseBodyAdvice
2026-06-05T23:20:27.398+01:00  INFO 82841 --- [taskmanager] [main] o.s.b.t.m.w.SpringBootMockServletContext : Initializing Spring TestDispatcherServlet ''
2026-06-05T23:20:27.399+01:00  INFO 82841 --- [taskmanager] [main] o.s.t.web.servlet.TestDispatcherServlet  : Initializing Servlet ''
2026-06-05T23:20:27.407+01:00  INFO 82841 --- [taskmanager] [main] o.s.t.web.servlet.TestDispatcherServlet  : Completed initialization in 6 ms
2026-06-05T23:20:27.462+01:00  INFO 82841 --- [taskmanager] [main] c.e.t.controller.UserControllerTest      : Started UserControllerTest in 4.884 seconds (process running for 6.865)
2026-06-05T23:20:27.699+01:00 DEBUG 82841 --- [taskmanager] [main] s.w.s.m.m.a.RequestMappingHandlerMapping : Mapped to com.exemplo.taskmanager.controller.UserController#updateProfile(User, UpdateUserRequest)
2026-06-05T23:20:27.853+01:00 DEBUG 82841 --- [taskmanager] [main] m.m.a.RequestResponseBodyMethodProcessor : Read "application/json;charset=UTF-8" to [UpdateUserRequest(name=Pedro Updated, email=null)]
2026-06-05T23:20:27.870+01:00 DEBUG 82841 --- [taskmanager] [main] m.m.a.RequestResponseBodyMethodProcessor : Using 'application/json', given [*/*] and supported [application/json, application/*+json]
2026-06-05T23:20:27.873+01:00 DEBUG 82841 --- [taskmanager] [main] m.m.a.RequestResponseBodyMethodProcessor : Writing [UserResponse(id=1, name=Pedro Updated, email=pedro@example.com)]
2026-06-05T23:20:28.012+01:00 DEBUG 82841 --- [taskmanager] [main] s.w.s.m.m.a.RequestMappingHandlerMapping : Mapped to com.exemplo.taskmanager.controller.UserController#getProfile(User)
2026-06-05T23:20:28.016+01:00 DEBUG 82841 --- [taskmanager] [main] m.m.a.RequestResponseBodyMethodProcessor : Using 'application/json', given [*/*] and supported [application/json, application/*+json]
2026-06-05T23:20:28.018+01:00 DEBUG 82841 --- [taskmanager] [main] m.m.a.RequestResponseBodyMethodProcessor : Writing [UserResponse(id=1, name=Pedro, email=pedro@example.com)]
2026-06-05T23:20:28.048+01:00 DEBUG 82841 --- [taskmanager] [main] s.w.s.m.m.a.RequestMappingHandlerMapping : Mapped to com.exemplo.taskmanager.controller.UserController#deleteAccount(User, HttpServletRequest)
2026-06-05T23:20:28.095+01:00 DEBUG 82841 --- [taskmanager] [main] s.w.s.m.m.a.RequestMappingHandlerMapping : Mapped to com.exemplo.taskmanager.controller.UserController#changePassword(User, ChangePasswordRequest)
2026-06-05T23:20:28.103+01:00 DEBUG 82841 --- [taskmanager] [main] m.m.a.RequestResponseBodyMethodProcessor : Read "application/json;charset=UTF-8" to [ChangePasswordRequest(currentPassword=wrongpass, newPassword=newpass)]
2026-06-05T23:20:28.111+01:00 DEBUG 82841 --- [taskmanager] [main] .m.m.a.ExceptionHandlerExceptionResolver : Using @ExceptionHandler com.exemplo.taskmanager.config.GlobalExceptionHandler#handleRuntime(RuntimeException)
2026-06-05T23:20:28.114+01:00 DEBUG 82841 --- [taskmanager] [main] o.s.w.s.m.m.a.HttpEntityMethodProcessor  : Using 'text/plain', given [*/*] and supported [text/plain, */*, application/json, application/*+json]
2026-06-05T23:20:28.118+01:00 DEBUG 82841 --- [taskmanager] [main] o.s.w.s.m.m.a.HttpEntityMethodProcessor  : Writing ["Password atual incorreta"]
2026-06-05T23:20:28.121+01:00 DEBUG 82841 --- [taskmanager] [main] .m.m.a.ExceptionHandlerExceptionResolver : Resolved [java.lang.RuntimeException: Password atual incorreta]
2026-06-05T23:20:28.145+01:00 DEBUG 82841 --- [taskmanager] [main] s.w.s.m.m.a.RequestMappingHandlerMapping : Mapped to com.exemplo.taskmanager.controller.UserController#changePassword(User, ChangePasswordRequest)
2026-06-05T23:20:28.147+01:00 DEBUG 82841 --- [taskmanager] [main] m.m.a.RequestResponseBodyMethodProcessor : Read "application/json;charset=UTF-8" to [ChangePasswordRequest(currentPassword=oldpass, newPassword=newpass)]
2026-06-05T23:20:28.178+01:00 DEBUG 82841 --- [taskmanager] [SpringApplicationShutdownHook] o.s.w.c.s.GenericWebApplicationContext   : Closing org.springframework.web.context.support.GenericWebApplicationContext@3b1ed14b, started on Fri Jun 05 23:20:23 WEST 2026
